---
source: src/lib.rs
expression: actual.is_err()
---
true
