---
source: src/field.rs
expression: field
---
EncapsulationField {
    ident: Some(
        Ident(
            signal,
        ),
    ),
    attrs: [],
}
