---
source: src/field.rs
expression: meta
---
Err(
    Error(
        "expected `,`",
    ),
)
