---
source: src/field.rs
expression: parse_meta_path.pretty()
---
"encapsulation"
